------------------------------------------------------------
Timing Analyzer Summary
------------------------------------------------------------

Type  : Slow 1200mV 85C Model Setup 'disp_clk|altpll_component|auto_generated|pll1|clk[1]'
Slack : -11.304
TNS   : -1134.093

Type  : Slow 1200mV 85C Model Setup 'moveUp'
Slack : -6.182
TNS   : -171.018

Type  : Slow 1200mV 85C Model Hold 'disp_clk|altpll_component|auto_generated|pll1|clk[1]'
Slack : 0.395
TNS   : 0.000

Type  : Slow 1200mV 85C Model Hold 'moveUp'
Slack : 1.542
TNS   : 0.000

Type  : Slow 1200mV 85C Model Minimum Pulse Width 'moveUp'
Slack : -3.000
TNS   : -45.090

Type  : Slow 1200mV 85C Model Minimum Pulse Width 'disp_clk|altpll_component|auto_generated|pll1|clk[1]'
Slack : 7.368
TNS   : 0.000

Type  : Slow 1200mV 85C Model Minimum Pulse Width 'clk50MHz'
Slack : 9.820
TNS   : 0.000

Type  : Slow 1200mV 0C Model Setup 'disp_clk|altpll_component|auto_generated|pll1|clk[1]'
Slack : -10.214
TNS   : -1022.223

Type  : Slow 1200mV 0C Model Setup 'moveUp'
Slack : -5.623
TNS   : -154.838

Type  : Slow 1200mV 0C Model Hold 'disp_clk|altpll_component|auto_generated|pll1|clk[1]'
Slack : 0.316
TNS   : 0.000

Type  : Slow 1200mV 0C Model Hold 'moveUp'
Slack : 1.426
TNS   : 0.000

Type  : Slow 1200mV 0C Model Minimum Pulse Width 'moveUp'
Slack : -3.000
TNS   : -45.090

Type  : Slow 1200mV 0C Model Minimum Pulse Width 'disp_clk|altpll_component|auto_generated|pll1|clk[1]'
Slack : 7.379
TNS   : 0.000

Type  : Slow 1200mV 0C Model Minimum Pulse Width 'clk50MHz'
Slack : 9.830
TNS   : 0.000

Type  : Fast 1200mV 0C Model Setup 'disp_clk|altpll_component|auto_generated|pll1|clk[1]'
Slack : -4.670
TNS   : -466.722

Type  : Fast 1200mV 0C Model Setup 'moveUp'
Slack : -2.034
TNS   : -54.247

Type  : Fast 1200mV 0C Model Hold 'disp_clk|altpll_component|auto_generated|pll1|clk[1]'
Slack : 0.199
TNS   : 0.000

Type  : Fast 1200mV 0C Model Hold 'moveUp'
Slack : 0.583
TNS   : 0.000

Type  : Fast 1200mV 0C Model Minimum Pulse Width 'moveUp'
Slack : -3.000
TNS   : -42.884

Type  : Fast 1200mV 0C Model Minimum Pulse Width 'disp_clk|altpll_component|auto_generated|pll1|clk[1]'
Slack : 7.404
TNS   : 0.000

Type  : Fast 1200mV 0C Model Minimum Pulse Width 'clk50MHz'
Slack : 9.530
TNS   : 0.000

------------------------------------------------------------
