------------------------------------------------------------
Timing Analyzer Summary
------------------------------------------------------------

Type  : Slow 1200mV 85C Model Setup 'disp_clk|altpll_component|auto_generated|pll1|clk[1]'
Slack : 1.233
TNS   : 0.000

Type  : Slow 1200mV 85C Model Hold 'disp_clk|altpll_component|auto_generated|pll1|clk[1]'
Slack : 0.326
TNS   : 0.000

Type  : Slow 1200mV 85C Model Recovery 'disp_clk|altpll_component|auto_generated|pll1|clk[1]'
Slack : 7.672
TNS   : 0.000

Type  : Slow 1200mV 85C Model Removal 'disp_clk|altpll_component|auto_generated|pll1|clk[1]'
Slack : 2.984
TNS   : 0.000

Type  : Slow 1200mV 85C Model Minimum Pulse Width 'disp_clk|altpll_component|auto_generated|pll1|clk[1]'
Slack : 7.367
TNS   : 0.000

Type  : Slow 1200mV 85C Model Minimum Pulse Width 'clk50MHz'
Slack : 9.820
TNS   : 0.000

Type  : Slow 1200mV 0C Model Setup 'disp_clk|altpll_component|auto_generated|pll1|clk[1]'
Slack : 2.490
TNS   : 0.000

Type  : Slow 1200mV 0C Model Hold 'disp_clk|altpll_component|auto_generated|pll1|clk[1]'
Slack : 0.284
TNS   : 0.000

Type  : Slow 1200mV 0C Model Recovery 'disp_clk|altpll_component|auto_generated|pll1|clk[1]'
Slack : 8.411
TNS   : 0.000

Type  : Slow 1200mV 0C Model Removal 'disp_clk|altpll_component|auto_generated|pll1|clk[1]'
Slack : 2.707
TNS   : 0.000

Type  : Slow 1200mV 0C Model Minimum Pulse Width 'disp_clk|altpll_component|auto_generated|pll1|clk[1]'
Slack : 7.384
TNS   : 0.000

Type  : Slow 1200mV 0C Model Minimum Pulse Width 'clk50MHz'
Slack : 9.830
TNS   : 0.000

Type  : Fast 1200mV 0C Model Setup 'disp_clk|altpll_component|auto_generated|pll1|clk[1]'
Slack : 9.491
TNS   : 0.000

Type  : Fast 1200mV 0C Model Hold 'disp_clk|altpll_component|auto_generated|pll1|clk[1]'
Slack : 0.150
TNS   : 0.000

Type  : Fast 1200mV 0C Model Recovery 'disp_clk|altpll_component|auto_generated|pll1|clk[1]'
Slack : 12.059
TNS   : 0.000

Type  : Fast 1200mV 0C Model Removal 'disp_clk|altpll_component|auto_generated|pll1|clk[1]'
Slack : 1.251
TNS   : 0.000

Type  : Fast 1200mV 0C Model Minimum Pulse Width 'disp_clk|altpll_component|auto_generated|pll1|clk[1]'
Slack : 7.403
TNS   : 0.000

Type  : Fast 1200mV 0C Model Minimum Pulse Width 'clk50MHz'
Slack : 9.530
TNS   : 0.000

------------------------------------------------------------
